//MrCZM

var textarea = $('.term');
var speed = 150; //Writing speed in milliseconds
var text = 'sh hackout.sh && apt-get update';

var i = 0;

runner();

function runner() {
  document.getElementById('body').style.display = 'none';
  textarea.append(text.charAt(i));
  i++;
  setTimeout(
    function() {
      if (i < text.length){
      	        document.getElementById('body').style.display = 'block';
      	        document.body.scrollTop = 0; // For Safari
  document.documentElement.scrollTop = 0; // For Chrome, Firefox, IE and Opera
        runner();
  	  }
      else {
        textarea.append("<br>")
        i = 0;
        setTimeout(function() {feedbacker();}, 1000);
      }
    }, Math.floor(Math.random() * 220) + 50);
}

var count = 0;
var time = 1;
function feedbacker() {
  textarea.append("[    " + count / 1000 + "] " + output[i] + "<br>");
  if (time % 2 == 0) {
    i++;
    textarea.append("[    " + count / 1000 + "] " + output[i] + "<br>");
  }
  if (time == 3) {
    i++;
    textarea.append("[    " + count / 1000 + "] " + output[i] + "<br>");
    i++;
    textarea.append("[    " + count / 1000 + "] " + output[i] + "<br>");
    i++;
    textarea.append("[    " + count / 1000 + "] " + output[i] + "<br>");
  }
  window.scrollTo(0, document.body.scrollHeight);  
  i++;
  time = Math.floor(Math.random() * 4) + 1;
  count += time;
  setTimeout(
    function() {
      if (i < output.length - 2){
      	feedbacker();
              document.getElementById('body').style.display = 'none';
            
	
      }
      else {
        textarea.append("<br>Initialising...<br>");
        setTimeout(function() {$(".load").fadeOut(1000);}, 500);
        document.getElementById('body').style.display = 'block';
        document.body.scrollTop = 0; // For Safari
  document.documentElement.scrollTop = 0; // For Chrome, Firefox, IE and Opera

      }
    },time);
}

var output = ["CPU0 microcode updated early to revision 0x1b, date = 2019-12-19",
"Initializing cgroup subsys cpuset",
"Initializing cgroup subsys cpu",
"Initializing cgroup subsys cpuacct",
"Command line: BOOT_IMAGE=/vmlinuz-3.19.0-21-generic.efi.signed root=UUID=14ac372e-6980-4fe8-b247-fae92d54b0c5 ro quiet splash acpi_enforce_resources=lax intel_pstate=enable rcutree.rcu_idle_gp_delay=1 nouveau.runpm=0 vt.handoff=7",
"KERNEL supported cpus:",
"  Intel GenuineIntel",
"  AMD AuthenticAMD",
"  Centaur CentaurHauls",
"e820: BIOS-provided physical RAM map:",
"BIOS-e820: [mem 0x0000000000000000-0x000000000009dfff] usable",
"BIOS-e820: [mem 0x000000000009e000-0x000000000009ffff] reserved",
"BIOS-e820: [mem 0x0000000000100000-0x000000001fffffff] usable",
"BIOS-e820: [mem 0x0000000020000000-0x00000000201fffff] reserved",
"BIOS-e820: [mem 0x0000000020200000-0x0000000040003fff] usable",
"BIOS-e820: [mem 0x0000000040004000-0x0000000040004fff] reserved",
"BIOS-e820: [mem 0x0000000040005000-0x00000000c9746fff] usable",
"BIOS-e820: [mem 0x00000000c9747000-0x00000000c9d47fff] ACPI NVS",
"BIOS-e820: [mem 0x00000000c9d48000-0x00000000c9d4afff] type 20",
"BIOS-e820: [mem 0x00000000c9d4b000-0x00000000c9d60fff] usable",
"BIOS-e820: [mem 0x00000000c9d61000-0x00000000c9d66fff] type 20",
"BIOS-e820: [mem 0x00000000c9d67000-0x00000000c9d68fff] usable",
"BIOS-e820: [mem 0x00000000c9d69000-0x00000000c9d72fff] type 20",
"BIOS-e820: [mem 0x00000000c9d73000-0x00000000c9f06fff] usable",
"BIOS-e820: [mem 0x00000000c9f07000-0x00000000c9f0afff] type 20",
"BIOS-e820: [mem 0x00000000c9f0b000-0x00000000c9f53fff] usable",
"BIOS-e820: [mem 0x00000000c9f54000-0x00000000c9f5afff] type 20",
"BIOS-e820: [mem 0x00000000c9f5b000-0x00000000c9f67fff] reserved",
"BIOS-e820: [mem 0x00000000c9f68000-0x00000000c9f79fff] type 20",
"BIOS-e820: [mem 0x00000000c9f7a000-0x00000000c9f7cfff] usable",
"BIOS-e820: [mem 0x00000000c9f7d000-0x00000000c9f7efff] type 20",
"BIOS-e820: [mem 0x00000000c9f7f000-0x00000000c9f95fff] usable",
"BIOS-e820: [mem 0x00000000c9f96000-0x00000000c9f9bfff] type 20",
"BIOS-e820: [mem 0x00000000c9f9c000-0x00000000c9fa3fff] usable",
"BIOS-e820: [mem 0x00000000c9fa4000-0x00000000c9fa4fff] type 20",
"BIOS-e820: [mem 0x00000000ca05e000-0x00000000ca0bdfff] reserved",
"BIOS-e820: [mem 0x00000000ca0be000-0x00000000ca0d7fff] type 20",
"BIOS-e820: [mem 0x00000000ca0d8000-0x00000000ca601fff] reserved",
"BIOS-e820: [mem 0x00000000ca602000-0x00000000ca881fff] ACPI NVS",
"BIOS-e820: [mem 0x00000000ca882000-0x00000000ca886fff] ACPI data",
"BIOS-e820: [mem 0x00000000ca887000-0x00000000ca887fff] usable",
"BIOS-e820: [mem 0x00000000ca888000-0x00000000ca8cafff] ACPI NVS",
"BIOS-e820: [mem 0x00000000ca8cb000-0x00000000cacd7fff] usable",
"BIOS-e820: [mem 0x00000000cacd8000-0x00000000caff3fff] reserved",
"BIOS-e820: [mem 0x00000000caff4000-0x00000000caffffff] usable",
"BIOS-e820: [mem 0x00000000cbc00000-0x00000000cfdfffff] reserved",
"BIOS-e820: [mem 0x00000000f8000000-0x00000000fbffffff] reserved",
"BIOS-e820: [mem 0x00000000fec00000-0x00000000fec00fff] reserved",
"BIOS-e820: [mem 0x00000000fed00000-0x00000000fed03fff] reserved",
"BIOS-e820: [mem 0x00000000fed1c000-0x00000000fed1ffff] reserved",
"BIOS-e820: [mem 0x00000000fee00000-0x00000000fee00fff] reserved",
"BIOS-e820: [mem 0x00000000ff000000-0x00000000ffffffff] reserved",
"BIOS-e820: [mem 0x0000000100000000-0x000000042f1fffff] usable",
"NX (Execute Disable) protection: active",
"efi: EFI v2.31 by American Megatrends",
"efi:  ACPI=0xca852000  ACPI 2.0=0xca852000  SMBIOS=0xca100398 ",
"efi: mem00: [Conventional Memory|   |  |  |  |   |WB|WT|WC|UC] range=[0x0000000000000000-0x000000000005f000) (0MB)",
"efi: mem01: [Boot Data          |   |  |  |  |   |WB|WT|WC|UC] range=[0x000000000005f000-0x0000000000060000) (0MB)",
"efi: mem02: [Conventional Memory|   |  |  |  |   |WB|WT|WC|UC] range=[0x0000000000060000-0x000000000009e000) (0MB)",
"efi: mem03: [Reserved           |   |  |  |  |   |WB|WT|WC|UC] range=[0x000000000009e000-0x00000000000a0000) (0MB)",
"efi: mem04: [Conventional Memory|   |  |  |  |   |WB|WT|WC|UC] range=[0x0000000000100000-0x0000000001000000) (15MB)",
"efi: mem05: [Loader Data        |   |  |  |  |   |WB|WT|WC|UC] range=[0x0000000001000000-0x00000000024e6000) (20MB)",
"efi: mem06: [Conventional Memory|   |  |  |  |   |WB|WT|WC|UC] range=[0x00000000024e6000-0x0000000020000000) (475MB)",
"efi: mem07: [Reserved           |   |  |  |  |   |WB|WT|WC|UC] range=[0x0000000020000000-0x0000000020200000) (2MB)",
"efi: mem08: [Conventional Memory|   |  |  |  |   |WB|WT|WC|UC] range=[0x0000000020200000-0x00000000357f2000) (341MB)",
"efi: mem09: [Loader Data        |   |  |  |  |   |WB|WT|WC|UC] range=[0x00000000357f2000-0x0000000036bf1000) (19MB)",
"efi: mem10: [Conventional Memory|   |  |  |  |   |WB|WT|WC|UC] range=[0x0000000036bf1000-0x0000000040004000) (148MB)",
"efi: mem11: [Reserved           |   |  |  |  |   |WB|WT|WC|UC] range=[0x0000000040004000-0x0000000040005000) (0MB)",
"efi: mem12: [Conventional Memory|   |  |  |  |   |WB|WT|WC|UC] range=[0x0000000040005000-0x0000000095d21000) (1373MB)",
"efi: mem13: [Loader Data        |   |  |  |  |   |WB|WT|WC|UC] range=[0x0000000095d21000-0x00000000c7e11000) (800MB)",
"efi: mem14: [Loader Code        |   |  |  |  |   |WB|WT|WC|UC] range=[0x00000000c7e11000-0x00000000c7f34000) (1MB)",
"efi: mem15: [Conventional Memory|   |  |  |  |   |WB|WT|WC|UC] range=[0x00000000c7f34000-0x00000000c7f82000) (0MB)",
"efi: mem16: [Loader Data        |   |  |  |  |   |WB|WT|WC|UC] range=[0x00000000c7f82000-0x00000000c806c000) (0MB)",
"efi: mem17: [Boot Data          |   |  |  |  |   |WB|WT|WC|UC] range=[0x00000000c806c000-0x00000000c8085000) (0MB)",
"efi: mem18: [Conventional Memory|   |  |  |  |   |WB|WT|WC|UC] range=[0x00000000c8085000-0x00000000c808e000) (0MB)",
"efi: mem19: [Boot Data          |   |  |  |  |   |WB|WT|WC|UC] range=[0x00000000c808e000-0x00000000c8244000) (1MB)",
"efi: mem20: [Conventional Memory|   |  |  |  |   |WB|WT|WC|UC] range=[0x00000000c8244000-0x00000000c824b000) (0MB)",
"efi: mem21: [Boot Data          |   |  |  |  |   |WB|WT|WC|UC] range=[0x00000000c824b000-0x00000000c8312000) (0MB)",
"efi: mem22: [Loader Data        |   |  |  |  |   |WB|WT|WC|UC] range=[0x00000000c8312000-0x00000000c8314000) (0MB)",
"efi: mem23: [Boot Data          |   |  |  |  |   |WB|WT|WC|UC] range=[0x00000000c8314000-0x00000000c909e000) (13MB)",
"efi: mem24: [Conventional Memory|   |  |  |  |   |WB|WT|WC|UC] range=[0x00000000c909e000-0x00000000c972e000) (6MB)",
"efi: mem43: [Boot Code          |   |  |  |  |   |WB|WT|WC|UC] range=[0x00000000c9f9c000-0x00000000c9fa4000) (0MB)",
"efi: mem44: [Runtime Code       |RUN|  |  |  |   |WB|WT|WC|UC] range=[0x00000000c9fa4000-0x00000000c9fa5000) (0MB)",
"efi: mem45: [Boot Code          |   |  |  |  |   |WB|WT|WC|UC] range=[0x00000000c9fa5000-0x00000000c9fb4000) (0MB)",
"efi: mem46: [Runtime Code       |RUN|  |  |  |   |WB|WT|WC|UC] range=[0x00000000c9fb4000-0x00000000c9fb5000) (0MB)",
"efi: mem47: [Boot Code          |   |  |  |  |   |WB|WT|WC|UC] range=[0x00000000c9fb5000-0x00000000c9fc0000) (0MB)",
"efi: mem48: [Runtime Code       |RUN|  |  |  |   |WB|WT|WC|UC] range=[0x00000000c9fc0000-0x00000000c9fc5000) (0MB)",
"efi: mem49: [Boot Code          |   |  |  |  |   |WB|WT|WC|UC] range=[0x00000000c9fc5000-0x00000000c9ff1000) (0MB)",
"efi: mem50: [Runtime Code       |RUN|  |  |  |   |WB|WT|WC|UC] range=[0x00000000c9ff1000-0x00000000c9ff2000) (0MB)",
"efi: mem51: [Boot Code          |   |  |  |  |   |WB|WT|WC|UC] range=[0x00000000c9ff2000-0x00000000ca002000) (0MB)",
"efi: mem52: [Runtime Code       |RUN|  |  |  |   |WB|WT|WC|UC] range=[0x00000000ca002000-0x00000000ca029000) (0MB)",
"efi: mem53: [Boot Code          |   |  |  |  |   |WB|WT|WC|UC] range=[0x00000000ca029000-0x00000000ca03d000) (0MB)",
"efi: mem54: [Runtime Code       |RUN|  |  |  |   |WB|WT|WC|UC] range=[0x00000000ca03d000-0x00000000ca03e000) (0MB)",
"efi: mem55: [Boot Code          |   |  |  |  |   |WB|WT|WC|UC] range=[0x00000000ca03e000-0x00000000ca03f000) (0MB)",
"efi: mem56: [Runtime Code       |RUN|  |  |  |   |WB|WT|WC|UC] range=[0x00000000ca03f000-0x00000000ca041000) (0MB)",
"efi: mem57: [Boot Code          |   |  |  |  |   |WB|WT|WC|UC] range=[0x00000000ca041000-0x00000000ca042000) (0MB)",
"efi: mem58: [Runtime Code       |RUN|  |  |  |   |WB|WT|WC|UC] range=[0x00000000ca042000-0x00000000ca047000) (0MB)",
"efi: mem59: [Boot Code          |   |  |  |  |   |WB|WT|WC|UC] range=[0x00000000ca047000-0x00000000ca05e000) (0MB)",
"efi: mem60: [Runtime Data       |RUN|  |  |  |   |WB|WT|WC|UC] range=[0x00000000ca05e000-0x00000000ca0be000) (0MB)",
"efi: mem65: [Reserved           |   |  |  |  |   |WB|WT|WC|UC] range=[0x00000000ca47a000-0x00000000ca602000) (1MB)",
"efi: mem66: [ACPI Memory NVS    |   |  |  |  |   |WB|WT|WC|UC] range=[0x00000000ca602000-0x00000000ca6b2000) (0MB)",
"efi: mem67: [ACPI Memory NVS    |   |  |  |  |   |WB|WT|WC|UC] range=[0x00000000ca6b2000-0x00000000ca86a000) (1MB)",
"efi: mem68: [ACPI Memory NVS    |   |  |  |  |   |WB|WT|WC|UC] range=[0x00000000ca86a000-0x00000000ca86c000) (0MB)",
"efi: mem69: [ACPI Memory NVS    |   |  |  |  |   |WB|WT|WC|UC] range=[0x00000000ca86c000-0x00000000ca882000) (0MB)",
"efi: mem70: [ACPI Reclaim Memory|   |  |  |  |   |WB|WT|WC|UC] range=[0x00000000ca882000-0x00000000ca887000) (0MB)",
"efi: mem71: [Boot Data          |   |  |  |  |   |WB|WT|WC|UC] range=[0x00000000ca887000-0x00000000ca888000) (0MB)",
"efi: mem79: [Boot Data          |   |  |  |  |   |WB|WT|WC|UC] range=[0x00000000caff4000-0x00000000cb000000) (0MB)",
"efi: mem80: [Conventional Memory|   |  |  |  |   |WB|WT|WC|UC] range=[0x0000000100000000-0x000000042f200000) (13042MB)",
"efi: mem81: [Reserved           |RUN|  |  |  |   |  |  |  |  ] range=[0x00000000cbc00000-0x00000000cfe00000) (66MB)",
"efi: mem82: [Memory Mapped I/O  |RUN|  |  |  |   |  |  |  |UC] range=[0x00000000f8000000-0x00000000fc000000) (64MB)",
"efi: mem83: [Memory Mapped I/O  |RUN|  |  |  |   |  |  |  |UC] range=[0x00000000fec00000-0x00000000fec01000) (0MB)",
"efi: mem84: [Memory Mapped I/O  |RUN|  |  |  |   |  |  |  |UC] range=[0x00000000fed00000-0x00000000fed04000) (0MB)",
"efi: mem85: [Memory Mapped I/O  |RUN|  |  |  |   |  |  |  |UC] range=[0x00000000fed1c000-0x00000000fed20000) (0MB)",
"efi: mem86: [Memory Mapped I/O  |RUN|  |  |  |   |  |  |  |UC] range=[0x00000000fee00000-0x00000000fee01000) (0MB)",
"efi: mem87: [Memory Mapped I/O  |RUN|  |  |  |   |  |  |  |UC] range=[0x00000000ff000000-0x0000000100000000) (16MB)",
"SMBIOS 2.7 present.",
"DMI: ASUSTeK COMPUTER INC. N56VZ/N56VZ, BIOS N56VZ.217 05/22/2013",
"e820: update [mem 0x00000000-0x00000fff] usable ==> reserved",
"e820: remove [mem 0x000a0000-0x000fffff] usable",
"AGP: No AGP bridge found",
"e820: last_pfn = 0x42f200 max_arch_pfn = 0x400000000",
"MTRR default type: uncachable",
"MTRR fixed ranges enabled:",
"  00000-9FFFF write-back",
"  A0000-DFFFF uncachable",
"  E0000-FFFFF write-protect",
"MTRR variable ranges enabled:",
"  0 base 000000000 mask C00000000 write-back",
"  1 base 400000000 mask FE0000000 write-back",
"  2 base 420000000 mask FF0000000 write-back",
"  3 base 0E0000000 mask FE0000000 uncachable",
"  4 base 0D0000000 mask FF0000000 uncachable",
"  5 base 0CC000000 mask FFC000000 uncachable",
"  6 base 0CBC00000 mask FFFC00000 uncachable",
"  7 base 42F800000 mask FFF800000 uncachable",
"  8 base 42F400000 mask FFFC00000 uncachable",
"  9 base 42F200000 mask FFFE00000 uncachable",
"PAT configuration [0-7]: WB  WC  UC- UC  WB  WC  UC- UC  ",
"original variable MTRRs",
"reg 0, base: 0GB, range: 16GB, type WB",
"reg 1, base: 16GB, range: 512MB, type WB",
"reg 2, base: 16896MB, range: 256MB, type WB",
"reg 3, base: 3584MB, range: 512MB, type UC",
"reg 4, base: 3328MB, range: 256MB, type UC",
"reg 5, base: 3264MB, range: 64MB, type UC",
"reg 6, base: 3260MB, range: 4MB, type UC",
"reg 7, base: 17144MB, range: 8MB, type UC",
"reg 8, base: 17140MB, range: 4MB, type UC",
"reg 9, base: 17138MB, range: 2MB, type UC",
"total RAM covered: 16302M",
" gran_size: 64K 	chunk_size: 64K 	num_reg: 10  	lose cover RAM: 242M",
" gran_size: 64K 	chunk_size: 128K 	num_reg: 10  	lose cover RAM: 242M",
" gran_size: 64K 	chunk_size: 256K 	num_reg: 10  	lose cover RAM: 242M",
" gran_size: 64K 	chunk_size: 512K 	num_reg: 10  	lose cover RAM: 242M",
" gran_size: 64K 	chunk_size: 1M 	num_reg: 10  	lose cover RAM: 242M",
" gran_size: 64K 	chunk_size: 2M 	num_reg: 10  	lose cover RAM: 242M",
" gran_size: 64K 	chunk_size: 4M 	num_reg: 10  	lose cover RAM: 242M",
" gran_size: 64K 	chunk_size: 8M 	num_reg: 10  	lose cover RAM: 50M",
"*BAD*gran_size: 64K 	chunk_size: 16M 	num_reg: 10  	lose cover RAM: -12M",
"*BAD*gran_size: 64K 	chunk_size: 32M 	num_reg: 10  	lose cover RAM: -12M",
"*BAD*gran_size: 64K 	chunk_size: 64M 	num_reg: 10  	lose cover RAM: -12M",
"*BAD*gran_size: 64K 	chunk_size: 128M 	num_reg: 10  	lose cover RAM: -12M",
"*BAD*gran_size: 64K 	chunk_size: 256M 	num_reg: 10  	lose cover RAM: -12M",
"*BAD*gran_size: 64K 	chunk_size: 512M 	num_reg: 10  	lose cover RAM: -268M",
"*BAD*gran_size: 64K 	chunk_size: 1G 	num_reg: 10  	lose cover RAM: -264M",
"*BAD*gran_size: 64K 	chunk_size: 2G 	num_reg: 10  	lose cover RAM: -1288M",
" gran_size: 128K 	chunk_size: 128K 	num_reg: 10  	lose cover RAM: 242M",
" gran_size: 128K 	chunk_size: 256K 	num_reg: 10  	lose cover RAM: 242M",
" gran_size: 128K 	chunk_size: 512K 	num_reg: 10  	lose cover RAM: 242M",
" gran_size: 128K 	chunk_size: 1M 	num_reg: 10  	lose cover RAM: 242M",
" gran_size: 128K 	chunk_size: 2M 	num_reg: 10  	lose cover RAM: 242M",
" gran_size: 128K 	chunk_size: 4M 	num_reg: 10  	lose cover RAM: 242M",
" gran_size: 128K 	chunk_size: 8M 	num_reg: 10  	lose cover RAM: 50M",
"*BAD*gran_size: 128K 	chunk_size: 16M 	num_reg: 10  	lose cover RAM: -12M",
"*BAD*gran_size: 128K 	chunk_size: 32M 	num_reg: 10  	lose cover RAM: -12M",
"*BAD*gran_size: 128K 	chunk_size: 64M 	num_reg: 10  	lose cover RAM: -12M",
"*BAD*gran_size: 128K 	chunk_size: 128M 	num_reg: 10  	lose cover RAM: -12M",
"*BAD*gran_size: 128K 	chunk_size: 256M 	num_reg: 10  	lose cover RAM: -12M",
"*BAD*gran_size: 128K 	chunk_size: 512M 	num_reg: 10  	lose cover RAM: -268M",
"*BAD*gran_size: 128K 	chunk_size: 1G 	num_reg: 10  	lose cover RAM: -264M",
"*BAD*gran_size: 128K 	chunk_size: 2G 	num_reg: 10  	lose cover RAM: -1288M",
" gran_size: 256K 	chunk_size: 256K 	num_reg: 10  	lose cover RAM: 242M",
" gran_size: 256K 	chunk_size: 512K 	num_reg: 10  	lose cover RAM: 242M",
" gran_size: 256K 	chunk_size: 1M 	num_reg: 10  	lose cover RAM: 242M",
" gran_size: 256K 	chunk_size: 2M 	num_reg: 10  	lose cover RAM: 242M",
" gran_size: 256K 	chunk_size: 4M 	num_reg: 10  	lose cover RAM: 242M",
" gran_size: 256K 	chunk_size: 8M 	num_reg: 10  	lose cover RAM: 50M",
"*BAD*gran_size: 256K 	chunk_size: 16M 	num_reg: 10  	lose cover RAM: -12M",
"*BAD*gran_size: 256K 	chunk_size: 32M 	num_reg: 10  	lose cover RAM: -12M",
"*BAD*gran_size: 256K 	chunk_size: 64M 	num_reg: 10  	lose cover RAM: -12M",
"*BAD*gran_size: 256K 	chunk_size: 128M 	num_reg: 10  	lose cover RAM: -12M",
"*BAD*gran_size: 256K 	chunk_size: 256M 	num_reg: 10  	lose cover RAM: -12M",
"*BAD*gran_size: 256K 	chunk_size: 512M 	num_reg: 10  	lose cover RAM: -268M",
"*BAD*gran_size: 256K 	chunk_size: 1G 	num_reg: 10  	lose cover RAM: -264M",
"*BAD*gran_size: 256K 	chunk_size: 2G 	num_reg: 10  	lose cover RAM: -1288M",
" gran_size: 512K 	chunk_size: 512K 	num_reg: 10  	lose cover RAM: 242M",
" gran_size: 512K 	chunk_size: 1M 	num_reg: 10  	lose cover RAM: 242M",
" gran_size: 512K 	chunk_size: 2M 	num_reg: 10  	lose cover RAM: 242M",
" gran_size: 512K 	chunk_size: 4M 	num_reg: 10  	lose cover RAM: 242M",
" gran_size: 512K 	chunk_size: 8M 	num_reg: 10  	lose cover RAM: 50M",
"*BAD*gran_size: 512K 	chunk_size: 16M 	num_reg: 10  	lose cover RAM: -12M",
"*BAD*gran_size: 512K 	chunk_size: 32M 	num_reg: 10  	lose cover RAM: -12M",
"*BAD*gran_size: 512K 	chunk_size: 64M 	num_reg: 10  	lose cover RAM: -12M",
"*BAD*gran_size: 512K 	chunk_size: 128M 	num_reg: 10  	lose cover RAM: -12M",
"*BAD*gran_size: 512K 	chunk_size: 256M 	num_reg: 10  	lose cover RAM: -12M",
"*BAD*gran_size: 512K 	chunk_size: 512M 	num_reg: 10  	lose cover RAM: -268M",
"*BAD*gran_size: 512K 	chunk_size: 1G 	num_reg: 10  	lose cover RAM: -264M",
"*BAD*gran_size: 512K 	chunk_size: 2G 	num_reg: 10  	lose cover RAM: -1288M",
" gran_size: 1M 	chunk_size: 1M 	num_reg: 10  	lose cover RAM: 242M",
" gran_size: 1M 	chunk_size: 2M 	num_reg: 10  	lose cover RAM: 242M",
" gran_size: 1M 	chunk_size: 4M 	num_reg: 10  	lose cover RAM: 242M",
" gran_size: 1M 	chunk_size: 8M 	num_reg: 10  	lose cover RAM: 50M",
"*BAD*gran_size: 1M 	chunk_size: 16M 	num_reg: 10  	lose cover RAM: -12M",
"*BAD*gran_size: 1M 	chunk_size: 32M 	num_reg: 10  	lose cover RAM: -12M",
"*BAD*gran_size: 1M 	chunk_size: 64M 	num_reg: 10  	lose cover RAM: -12M",
"*BAD*gran_size: 1M 	chunk_size: 128M 	num_reg: 10  	lose cover RAM: -12M",
"*BAD*gran_size: 1M 	chunk_size: 256M 	num_reg: 10  	lose cover RAM: -12M",
"*BAD*gran_size: 1M 	chunk_size: 512M 	num_reg: 10  	lose cover RAM: -268M",
"*BAD*gran_size: 1M 	chunk_size: 1G 	num_reg: 10  	lose cover RAM: -264M",
"*BAD*gran_size: 1M 	chunk_size: 2G 	num_reg: 10  	lose cover RAM: -1288M",
" gran_size: 2M 	chunk_size: 2M 	num_reg: 10  	lose cover RAM: 242M",
" gran_size: 2M 	chunk_size: 4M 	num_reg: 10  	lose cover RAM: 242M",
" gran_size: 2M 	chunk_size: 8M 	num_reg: 10  	lose cover RAM: 50M",
"*BAD*gran_size: 2M 	chunk_size: 16M 	num_reg: 10  	lose cover RAM: -12M",
"*BAD*gran_size: 2M 	chunk_size: 32M 	num_reg: 10  	lose cover RAM: -12M",
"*BAD*gran_size: 2M 	chunk_size: 64M 	num_reg: 10  	lose cover RAM: -12M",
"*BAD*gran_size: 2M 	chunk_size: 128M 	num_reg: 10  	lose cover RAM: -12M",
"*BAD*gran_size: 2M 	chunk_size: 256M 	num_reg: 10  	lose cover RAM: -12M",
"*BAD*gran_size: 2M 	chunk_size: 512M 	num_reg: 10  	lose cover RAM: -268M",
"*BAD*gran_size: 2M 	chunk_size: 1G 	num_reg: 10  	lose cover RAM: -264M",
"*BAD*gran_size: 2M 	chunk_size: 2G 	num_reg: 10  	lose cover RAM: -1288M",
" gran_size: 4M 	chunk_size: 4M 	num_reg: 10  	lose cover RAM: 242M",
" gran_size: 4M 	chunk_size: 8M 	num_reg: 10  	lose cover RAM: 50M",
" gran_size: 4M 	chunk_size: 16M 	num_reg: 10  	lose cover RAM: 50M",
" gran_size: 4M 	chunk_size: 32M 	num_reg: 10  	lose cover RAM: 2M",
" gran_size: 4M 	chunk_size: 256M 	num_reg: 10  	lose cover RAM: 2M",
"*BAD*gran_size: 4M 	chunk_size: 512M 	num_reg: 10  	lose cover RAM: -254M",
" gran_size: 4M 	chunk_size: 1G 	num_reg: 10  	lose cover RAM: 2M",
"*BAD*gran_size: 4M 	chunk_size: 2G 	num_reg: 10  	lose cover RAM: -1022M",
" gran_size: 8M 	chunk_size: 8M 	num_reg: 10  	lose cover RAM: 118M",
" gran_size: 8M 	chunk_size: 16M 	num_reg: 10  	lose cover RAM: 54M",
" gran_size: 8M 	chunk_size: 32M 	num_reg: 10  	lose cover RAM: 6M",
" gran_size: 8M 	chunk_size: 256M 	num_reg: 10  	lose cover RAM: 6M",
"*BAD*gran_size: 8M 	chunk_size: 512M 	num_reg: 10  	lose cover RAM: -250M",
" gran_size: 8M 	chunk_size: 1G 	num_reg: 10  	lose cover RAM: 6M",
"*BAD*gran_size: 8M 	chunk_size: 2G 	num_reg: 10  	lose cover RAM: -1018M",
" gran_size: 16M 	chunk_size: 16M 	num_reg: 10  	lose cover RAM: 62M",
" gran_size: 16M 	chunk_size: 32M 	num_reg: 10  	lose cover RAM: 14M",
" gran_size: 16M 	chunk_size: 64M 	num_reg: 10  	lose cover RAM: 14M",
" gran_size: 16M 	chunk_size: 128M 	num_reg: 10  	lose cover RAM: 14M",
" gran_size: 16M 	chunk_size: 256M 	num_reg: 10  	lose cover RAM: 14M",
"*BAD*gran_size: 16M 	chunk_size: 512M 	num_reg: 10  	lose cover RAM: -242M",
" gran_size: 16M 	chunk_size: 1G 	num_reg: 10  	lose cover RAM: 14M",
"*BAD*gran_size: 16M 	chunk_size: 2G 	num_reg: 10  	lose cover RAM: -1010M",
" gran_size: 32M 	chunk_size: 32M 	num_reg: 10  	lose cover RAM: 46M",
" gran_size: 32M 	chunk_size: 64M 	num_reg: 10  	lose cover RAM: 46M",
" gran_size: 32M 	chunk_size: 128M 	num_reg: 10  	lose cover RAM: 46M",
" gran_size: 32M 	chunk_size: 256M 	num_reg: 10  	lose cover RAM: 46M",
"*BAD*gran_size: 32M 	chunk_size: 512M 	num_reg: 10  	lose cover RAM: -210M",
" gran_size: 32M 	chunk_size: 1G 	num_reg: 10  	lose cover RAM: 46M",
"*BAD*gran_size: 32M 	chunk_size: 2G 	num_reg: 10  	lose cover RAM: -978M",
" gran_size: 64M 	chunk_size: 64M 	num_reg: 8  	lose cover RAM: 110M",
" gran_size: 64M 	chunk_size: 128M 	num_reg: 8  	lose cover RAM: 110M",
" gran_size: 64M 	chunk_size: 256M 	num_reg: 9  	lose cover RAM: 110M",
" gran_size: 64M 	chunk_size: 512M 	num_reg: 10  	lose cover RAM: 110M",
" gran_size: 64M 	chunk_size: 1G 	num_reg: 9  	lose cover RAM: 110M",
" gran_size: 64M 	chunk_size: 2G 	num_reg: 10  	lose cover RAM: 110M",
" gran_size: 128M 	chunk_size: 128M 	num_reg: 7  	lose cover RAM: 174M",
" gran_size: 128M 	chunk_size: 256M 	num_reg: 9  	lose cover RAM: 174M",
" gran_size: 128M 	chunk_size: 512M 	num_reg: 10  	lose cover RAM: 174M",
" gran_size: 128M 	chunk_size: 1G 	num_reg: 9  	lose cover RAM: 174M",
" gran_size: 128M 	chunk_size: 2G 	num_reg: 10  	lose cover RAM: 174M",
" gran_size: 256M 	chunk_size: 256M 	num_reg: 5  	lose cover RAM: 430M",
" gran_size: 256M 	chunk_size: 512M 	num_reg: 5  	lose cover RAM: 430M",
" gran_size: 256M 	chunk_size: 1G 	num_reg: 6  	lose cover RAM: 430M",
" gran_size: 256M 	chunk_size: 2G 	num_reg: 7  	lose cover RAM: 430M",
" gran_size: 512M 	chunk_size: 512M 	num_reg: 5  	lose cover RAM: 430M",
" gran_size: 512M 	chunk_size: 1G 	num_reg: 6  	lose cover RAM: 430M",
" gran_size: 512M 	chunk_size: 2G 	num_reg: 7  	lose cover RAM: 430M",
" gran_size: 1G 	chunk_size: 1G 	num_reg: 4  	lose cover RAM: 942M",
" gran_size: 1G 	chunk_size: 2G 	num_reg: 4  	lose cover RAM: 942M",
" gran_size: 2G 	chunk_size: 2G 	num_reg: 3  	lose cover RAM: 1966M",
"mtrr_cleanup: can not find optimal value",
"please specify mtrr_gran_size/mtrr_chunk_size",
"e820: update [mem 0xcbc00000-0xffffffff] usable ==> reserved",
"e820: last_pfn = 0xcb000 max_arch_pfn = 0x400000000",
"Scanning 1 areas for low memory corruption",
"Base memory trampoline at [ffff880000098000] 98000 size 24576",
"init_memory_mapping: [mem 0x00000000-0x000fffff]",
" [mem 0x00000000-0x000fffff] page 4k",
"BRK [0x01fe5000, 0x01fe5fff] PGTABLE",
"BRK [0x01fe6000, 0x01fe6fff] PGTABLE",
"BRK [0x01fe7000, 0x01fe7fff] PGTABLE",
"init_memory_mapping: [mem 0x42f000000-0x42f1fffff]",
" [mem 0x42f000000-0x42f1fffff] page 2M",
"BRK [0x01fe8000, 0x01fe8fff] PGTABLE",
"init_memory_mapping: [mem 0x420000000-0x42effffff]",
" [mem 0x420000000-0x42effffff] page 2M",
"init_memory_mapping: [mem 0x400000000-0x41fffffff]",
" [mem 0x400000000-0x41fffffff] page 2M",
"init_memory_mapping: [mem 0x00100000-0x1fffffff]",
" [mem 0x00100000-0x001fffff] page 4k",
" [mem 0x00200000-0x1fffffff] page 2M",
"init_memory_mapping: [mem 0x20200000-0x40003fff]",
" [mem 0x20200000-0x3fffffff] page 2M",
" [mem 0x40000000-0x40003fff] page 4k",
"BRK [0x01fe9000, 0x01fe9fff] PGTABLE",
"BRK [0x01fea000, 0x01feafff] PGTABLE",
"init_memory_mapping: [mem 0x40005000-0xc9746fff]",
" [mem 0x40005000-0x401fffff] page 4k",
" [mem 0x40200000-0xc95fffff] page 2M",
" [mem 0xc9600000-0xc9746fff] page 4k",
"init_memory_mapping: [mem 0xc9d4b000-0xc9d60fff]",
" [mem 0xc9d4b000-0xc9d60fff] page 4k",
"init_memory_mapping: [mem 0xc9d67000-0xc9d68fff]",
" [mem 0xc9d67000-0xc9d68fff] page 4k",
"init_memory_mapping: [mem 0xc9d73000-0xc9f06fff]",
" [mem 0xc9d73000-0xc9f06fff] page 4k",
"init_memory_mapping: [mem 0xc9f0b000-0xc9f53fff]",
" [mem 0xc9f0b000-0xc9f53fff] page 4k",
"init_memory_mapping: [mem 0xc9f7a000-0xc9f7cfff]",
" [mem 0xc9f7a000-0xc9f7cfff] page 4k",
"init_memory_mapping: [mem 0xc9f7f000-0xc9f95fff]",
" [mem 0xc9f7f000-0xc9f95fff] page 4k",
"init_memory_mapping: [mem 0xc9f9c000-0xc9fa3fff]",
" [mem 0xc9f9c000-0xc9fa3fff] page 4k",
"init_memory_mapping: [mem 0xc9fa5000-0xc9fb3fff]",
" [mem 0xc9fa5000-0xc9fb3fff] page 4k",
"init_memory_mapping: [mem 0xc9fb5000-0xc9fbffff]",
" [mem 0xc9fb5000-0xc9fbffff] page 4k",
"init_memory_mapping: [mem 0xc9fc5000-0xc9ff0fff]",
" [mem 0xc9fc5000-0xc9ff0fff] page 4k",
"init_memory_mapping: [mem 0xc9ff2000-0xca001fff]",
" [mem 0xc9ff2000-0xca001fff] page 4k",
"init_memory_mapping: [mem 0xca029000-0xca03cfff]",
" [mem 0xca029000-0xca03cfff] page 4k",
"init_memory_mapping: [mem 0xca03e000-0xca03efff]",
" [mem 0xca03e000-0xca03efff] page 4k",
"init_memory_mapping: [mem 0xca041000-0xca041fff]",
" [mem 0xca041000-0xca041fff] page 4k",
"init_memory_mapping: [mem 0xca047000-0xca05dfff]",
" [mem 0xca047000-0xca05dfff] page 4k",
"init_memory_mapping: [mem 0xca887000-0xca887fff]",
" [mem 0xca887000-0xca887fff] page 4k",
"init_memory_mapping: [mem 0xca8cb000-0xcacd7fff]",
" [mem 0xca8cb000-0xca9fffff] page 4k",
" [mem 0xcaa00000-0xcabfffff] page 2M",
" [mem 0xcac00000-0xcacd7fff] page 4k",
"init_memory_mapping: [mem 0xcaff4000-0xcaffffff]",
" [mem 0xcaff4000-0xcaffffff] page 4k",
"init_memory_mapping: [mem 0x100000000-0x3ffffffff]",
" [mem 0x100000000-0x3ffffffff] page 2M",
"RAMDISK: [mem 0x357f2000-0x36bf0fff]",
"ACPI: Early table checksum verification disabled",
"ACPI: RSDP 0x00000000CA852000 000024 (v02 _ASUS_)",
"ACPI: XSDT 0x00000000CA852080 000084 (v01 _ASUS_ Notebook 01072009 AMI  00010013)",
"ACPI: FACP 0x00000000CA865DF0 00010C (v05 _ASUS_ Notebook 01072009 AMI  00010013)",
"ACPI: DSDT 0x00000000CA852190 013C5A (v02 _ASUS_ Notebook 00000013 INTL 20091112)",
"ACPI: FACS 0x00000000CA87F080 000040",
"ACPI: APIC 0x00000000CA865F00 000092 (v03 _ASUS_ Notebook 01072009 AMI  00010013)",
"ACPI: FPDT 0x00000000CA865F98 000044 (v01 _ASUS_ Notebook 01072009 AMI  00010013)",
"ACPI: ECDT 0x00000000CA865FE0 0000C1 (v01 _ASUS_ Notebook 01072009 AMI. 00000005)",
"ACPI: MCFG 0x00000000CA8660A8 00003C (v01 _ASUS_ Notebook 01072009 MSFT 00000097)",
"ACPI: HPET 0x00000000CA8660E8 000038 (v01 _ASUS_ Notebook 01072009 AMI. 00000005)",
"ACPI: SSDT 0x00000000CA866120 000632 (v01 AhciR1 AhciTab1 00001000 INTL 20091112)",
"ACPI: SSDT 0x00000000CA866758 00049E (v01 AhciR2 AhciTab2 00001000 INTL 20091112)",
"ACPI: SSDT 0x00000000CA866BF8 00094C (v01 PmRef  Cpu0Ist  00003000 INTL 20051117)",
"ACPI: SSDT 0x00000000CA867548 000B18 (v01 PmRef  CpuPm    00003000 INTL 20051117)",
"ACPI: BGRT 0x00000000CA868060 000038 (v00 _ASUS_ Notebook 01072009 ASUS 00010013)",
"ACPI: MSDM 0x00000000CA601E18 000055 (v03 _ASUS_ Notebook 00000000 ASUS 00000001)",
"ACPI: Local APIC address 0xfee00000",
"No NUMA configuration found",
"Faking a node at [mem 0x0000000000000000-0x000000042f1fffff]",
"NODE_DATA(0) allocated [mem 0x42f1e6000-0x42f1eafff]",
" [ffffea0000000000-ffffea0010bfffff] PMD -> [ffff88041e800000-ffff88042e7fffff] on node 0",
"Zone ranges:",
"  DMA      [mem 0x00001000-0x00ffffff]",
"  DMA32    [mem 0x01000000-0xffffffff]",
"  Normal   [mem 0x100000000-0x42f1fffff]",
"Movable zone start for each node",
"Early memory node ranges",
"  node   0: [mem 0x00001000-0x0009dfff]",
"  node   0: [mem 0x00100000-0x1fffffff]",
"  node   0: [mem 0x20200000-0x40003fff]",
"  node   0: [mem 0x40005000-0xc9746fff]",
"  node   0: [mem 0xc9d4b000-0xc9d60fff]",
"  node   0: [mem 0xc9d67000-0xc9d68fff]",
"  node   0: [mem 0xc9d73000-0xc9f06fff]",
"  node   0: [mem 0xc9f0b000-0xc9f53fff]",
"  node   0: [mem 0xc9f7a000-0xc9f7cfff]",
"  node   0: [mem 0xc9f7f000-0xc9f95fff]",
"  node   0: [mem 0xc9f9c000-0xc9fa3fff]",
"  node   0: [mem 0xc9fa5000-0xc9fb3fff]",
"  node   0: [mem 0xc9fb5000-0xc9fbffff]",
"  node   0: [mem 0xc9fc5000-0xc9ff0fff]",
"  node   0: [mem 0xc9ff2000-0xca001fff]",
"  node   0: [mem 0xca029000-0xca03cfff]",
"  node   0: [mem 0xca03e000-0xca03efff]",
"  node   0: [mem 0xca041000-0xca041fff]",
"  node   0: [mem 0xca047000-0xca05dfff]",
"  node   0: [mem 0xca887000-0xca887fff]",
"  node   0: [mem 0xca8cb000-0xcacd7fff]",
"  node   0: [mem 0xcaff4000-0xcaffffff]",
"  node   0: [mem 0x100000000-0x42f1fffff]",
"Initmem setup node 0 [mem 0x00001000-0x42f1fffff]",
"On node 0 totalpages: 4165015",
"  DMA zone: 64 pages used for memmap",
"  DMA zone: 24 pages reserved",
"  DMA zone: 3997 pages, LIFO batch:0",
"  DMA32 zone: 12848 pages used for memmap",
"  DMA32 zone: 822266 pages, LIFO batch:31",
"  Normal zone: 52168 pages used for memmap",
"  Normal zone: 3338752 pages, LIFO batch:31",
"Reserving Intel graphics stolen memory at 0xcbe00000-0xcfdfffff",
"ACPI: PM-Timer IO Port: 0x408",
"ACPI: Local APIC address 0xfee00000",
"ACPI: LAPIC (acpi_id[0x01] lapic_id[0x00] enabled)",
"ACPI: LAPIC (acpi_id[0x02] lapic_id[0x02] enabled)",
"ACPI: LAPIC (acpi_id[0x03] lapic_id[0x04] enabled)",
"ACPI: LAPIC (acpi_id[0x04] lapic_id[0x06] enabled)",
"ACPI: LAPIC (acpi_id[0x05] lapic_id[0x01] enabled)",
"ACPI: LAPIC (acpi_id[0x06] lapic_id[0x03] enabled)",
"ACPI: LAPIC (acpi_id[0x07] lapic_id[0x05] enabled)",
"ACPI: LAPIC (acpi_id[0x08] lapic_id[0x07] enabled)",
"ACPI: LAPIC_NMI (acpi_id[0xff] high edge lint[0x1])",
"ACPI: IOAPIC (id[0x02] address[0xfec00000] gsi_base[0])",
"IOAPIC[0]: apic_id 2, version 32, address 0xfec00000, GSI 0-23",
"ACPI: INT_SRC_OVR (bus 0 bus_irq 0 global_irq 2 dfl dfl)",
"ACPI: INT_SRC_OVR (bus 0 bus_irq 9 global_irq 9 high level)",
"ACPI: IRQ0 used by override.",
"ACPI: IRQ9 used by override.",
"Using ACPI (MADT) for SMP configuration information",
"ACPI: HPET id: 0x8086a701 base: 0xfed00000",
"smpboot: Allowing 8 CPUs, 0 hotplug CPUs",
"PM: Registered nosave memory: [mem 0x00000000-0x00000fff]",
"PM: Registered nosave memory: [mem 0x0009e000-0x0009ffff]",
"PM: Registered nosave memory: [mem 0x000a0000-0x000fffff]",
"PM: Registered nosave memory: [mem 0x20000000-0x201fffff]",
"PM: Registered nosave memory: [mem 0x40004000-0x40004fff]",
"PM: Registered nosave memory: [mem 0xc9747000-0xc9d47fff]",
"PM: Registered nosave memory: [mem 0xc9d48000-0xc9d4afff]",
"PM: Registered nosave memory: [mem 0xc9d61000-0xc9d66fff]",
"PM: Registered nosave memory: [mem 0xc9d69000-0xc9d72fff]",
"PM: Registered nosave memory: [mem 0xc9f07000-0xc9f0afff]",
"PM: Registered nosave memory: [mem 0xc9f54000-0xc9f5afff]",
"PM: Registered nosave memory: [mem 0xc9f5b000-0xc9f67fff]",
"PM: Registered nosave memory: [mem 0xc9f68000-0xc9f79fff]",
"PM: Registered nosave memory: [mem 0xc9f7d000-0xc9f7efff]",
"PM: Registered nosave memory: [mem 0xc9f96000-0xc9f9bfff]",
"PM: Registered nosave memory: [mem 0xc9fa4000-0xc9fa4fff]",
"PM: Registered nosave memory: [mem 0xc9fb4000-0xc9fb4fff]",
"PM: Registered nosave memory: [mem 0xc9fc0000-0xc9fc4fff]",
"PM: Registered nosave memory: [mem 0xc9ff1000-0xc9ff1fff]",
"PM: Registered nosave memory: [mem 0xca002000-0xca028fff]",
"PM: Registered nosave memory: [mem 0xca03d000-0xca03dfff]",
"PM: Registered nosave memory: [mem 0xca03f000-0xca040fff]",
"PM: Registered nosave memory: [mem 0xca042000-0xca046fff]",
"PM: Registered nosave memory: [mem 0xca05e000-0xca0bdfff]",
"PM: Registered nosave memory: [mem 0xca0be000-0xca0d7fff]",
"PM: Registered nosave memory: [mem 0xca0d8000-0xca601fff]",
"PM: Registered nosave memory: [mem 0xca602000-0xca881fff]",
"PM: Registered nosave memory: [mem 0xca882000-0xca886fff]",
"PM: Registered nosave memory: [mem 0xca888000-0xca8cafff]",
"PM: Registered nosave memory: [mem 0xcacd8000-0xcaff3fff]",
"PM: Registered nosave memory: [mem 0xcb000000-0xcbbfffff]",
"PM: Registered nosave memory: [mem 0xcbc00000-0xcfdfffff]",
"PM: Registered nosave memory: [mem 0xcfe00000-0xf7ffffff]",
"PM: Registered nosave memory: [mem 0xf8000000-0xfbffffff]",
"PM: Registered nosave memory: [mem 0xfc000000-0xfebfffff]",
"PM: Registered nosave memory: [mem 0xfec00000-0xfec00fff]",
"PM: Registered nosave memory: [mem 0xfec01000-0xfecfffff]",
"PM: Registered nosave memory: [mem 0xfed00000-0xfed03fff]",
"PM: Registered nosave memory: [mem 0xfed04000-0xfed1bfff]",
"PM: Registered nosave memory: [mem 0xfed1c000-0xfed1ffff]",
"PM: Registered nosave memory: [mem 0xfed20000-0xfedfffff]",
"PM: Registered nosave memory: [mem 0xfee00000-0xfee00fff]",
"PM: Registered nosave memory: [mem 0xfee01000-0xfeffffff]",
"PM: Registered nosave memory: [mem 0xff000000-0xffffffff]",
"e820: [mem 0xcfe00000-0xf7ffffff] available for PCI devices",
"Booting paravirtualized kernel on bare hardware",
"setup_percpu: NR_CPUS:256 nr_cpumask_bits:256 nr_cpu_ids:8 nr_node_ids:1",
"PERCPU: Embedded 31 pages/cpu @ffff88042ee00000 s87040 r8192 d31744 u262144",
"pcpu-alloc: s87040 r8192 d31744 u262144 alloc=1*2097152",
"pcpu-alloc: [0] 0 1 2 3 4 5 6 7 ",
"Built 1 zonelists in Node order, mobility grouping on.  Total pages: 4099911",
"Policy zone: Normal",
"Kernel command line: BOOT_IMAGE=/vmlinuz-3.19.0-21-generic.efi.signed root=UUID=14ac372e-6980-4fe8-b247-fae92d54b0c5 ro quiet splash acpi_enforce_resources=lax intel_pstate=enable rcutree.rcu_idle_gp_delay=1 nouveau.runpm=0 vt.handoff=7",
"PID hash table entries: 4096 (order: 3, 32768 bytes)",
"xsave: enabled xstate_bv 0x7, cntxt size 0x340 using standard form",
"AGP: Checking aperture...",
"AGP: No AGP bridge found",
"Calgary: detecting Calgary via BIOS EBDA area",
"Calgary: Unable to locate Rio Grande table in EBDA - bailing!",
"Memory: 16270208K/16660060K available (8000K kernel code, 1232K rwdata, 3752K rodata, 1408K init, 1300K bss, 389852K reserved, 0K cma-reserved)",
"SLUB: HWalign=64, Order=0-3, MinObjects=0, CPUs=8, Nodes=1",
"Hierarchical RCU implementation.",
"	RCU dyntick-idle grace-period acceleration is enabled.",
"	RCU restricting CPUs from NR_CPUS=256 to nr_cpu_ids=8.",
"RCU: Adjusting geometry for rcu_fanout_leaf=16, nr_cpu_ids=8",
"NR_IRQS:16640 nr_irqs:488 16",
"	Offload RCU callbacks from all CPUs",
"	Offload RCU callbacks from CPUs: 0-7.",
"vt handoff: transparent VT on vt#7",
"Console: colour dummy device 80x25",
"console [tty0] enabled",
"hpet clockevent registered",
"tsc: Fast TSC calibration using PIT",
"tsc: Detected 2394.543 MHz processor",
"Calibrating delay loop (skipped), value calculated using timer frequency.. 4789.08 BogoMIPS (lpj=9578172)",
"pid_max: default: 32768 minimum: 301",
"ACPI: Core revision 20141107",
"ACPI: All ACPI Tables successfully acquired",
"Security Framework initialized",
"AppArmor: AppArmor initialized",
"Yama: becoming mindful.",
"Dentry cache hash table entries: 2097152 (order: 12, 16777216 bytes)",
"Inode-cache hash table entries: 1048576 (order: 11, 8388608 bytes)",
"Mount-cache hash table entries: 32768 (order: 6, 262144 bytes)",
"Mountpoint-cache hash table entries: 32768 (order: 6, 262144 bytes)",
"Initializing cgroup subsys memory",
"Initializing cgroup subsys devices",
"Initializing cgroup subsys freezer",
"Initializing cgroup subsys net_cls",
"Initializing cgroup subsys blkio",
"Initializing cgroup subsys perf_event",
"Initializing cgroup subsys net_prio",
"Initializing cgroup subsys hugetlb",
"CPU: Physical Processor ID: 0",
"CPU: Processor Core ID: 0",
"ENERGY_PERF_BIAS: Set to 'normal', was 'performance'",
"ENERGY_PERF_BIAS: View and update with x86_energy_perf_policy(8)",
"mce: CPU supports 9 MCE banks",
"CPU0: Thermal monitoring enabled (TM1)",
"process: using mwait in idle threads",
"Last level iTLB entries: 4KB 512, 2MB 8, 4MB 8",
"Last level dTLB entries: 4KB 512, 2MB 32, 4MB 32, 1GB 0",
"Freeing SMP alternatives memory: 32K (ffffffff81e96000 - ffffffff81e9e000)",
"Ignoring BGRT: invalid status 0 (expected 1)",
"ftrace: allocating 30086 entries in 118 pages",
"..TIMER: vector=0x30 apic1=0 pin1=2 apic2=-1 pin2=-1",
"smpboot: CPU0: Intel(R) Core(TM) i7-3630QM CPU @ 2.40GHz (fam: 06, model: 3a, stepping: 09)",
"TSC deadline timer enabled",
"Performance Events: PEBS fmt1+, 16-deep LBR, IvyBridge events, full-width counters, Intel PMU driver.",
"... version:                3",
"... bit width:              48",
"... generic registers:      4",
"... value mask:             0000ffffffffffff",
"... max period:             0000ffffffffffff",
"... fixed-purpose events:   3",
"... event mask:             000000070000000f",
"x86: Booting SMP configuration:",
".... node  #0, CPUs:      #1",
"bridge: automatic filtering via arp/ip/ip6tables has been deprecated. Update your scripts to load br_netfilter if you need this.",
"device virbr0-nic entered promiscuous mode",
"nf_conntrack version 0.5.0 (16384 buckets, 65536 max)",
"virbr0: port 1(virbr0-nic) entered listening state",
"virbr0: port 1(virbr0-nic) entered listening state",
"virbr0: port 1(virbr0-nic) entered disabled state",
"Initialising...", ""];